// Vitest Snapshot v1, https://vitest.dev/guide/snapshot.html

exports[`discoverManifests > discovers blocks, scopes, groups and DFS order across an app tree > manifests 1`] = `
[
  {
    "blocks": [
      {
        "blockPath": "header.logo",
        "blockType": "Image",
        "defaultValue": {
          "src": "",
        },
        "sortOrder": 1,
      },
    ],
    "slug": "__global",
  },
  {
    "blocks": [
      {
        "blockPath": "hero.title",
        "blockType": "LongText",
        "defaultValue": "Welcome",
        "sortOrder": 1,
      },
      {
        "blockPath": "hero.subtitle",
        "blockType": "LongText",
        "defaultValue": "sub",
        "sortOrder": 2,
      },
      {
        "blockPath": "hero.cards",
        "blockType": "List",
        "defaultValue": [],
        "itemSchema": {
          "count": {
            "blockType": "Number",
            "defaultValue": 0,
          },
          "title": {
            "blockType": "LongText",
            "defaultValue": "",
          },
        },
        "sortOrder": 3,
      },
      {
        "blockPath": "cta.label",
        "blockType": "LongText",
        "defaultValue": "Buy",
        "sortOrder": 4,
      },
      {
        "blockPath": "shared.meta",
        "blockType": "LongText",
        "defaultValue": "m",
        "sortOrder": 5,
      },
      {
        "blockPath": "shared.cta",
        "blockType": "LongText",
        "defaultValue": "x",
        "sortOrder": 6,
      },
      {
        "blockPath": "deep.note",
        "blockType": "LongText",
        "defaultValue": "",
        "sortOrder": 7,
      },
    ],
    "slug": "/",
  },
  {
    "blocks": [
      {
        "blockPath": "about.body",
        "blockType": "RichText",
        "defaultValue": "",
        "sortOrder": 1,
      },
      {
        "blockPath": "shared.meta",
        "blockType": "LongText",
        "defaultValue": "m",
        "sortOrder": 2,
      },
      {
        "blockPath": "shared.cta",
        "blockType": "LongText",
        "defaultValue": "x",
        "sortOrder": 3,
      },
    ],
    "slug": "/about",
  },
]
`;

exports[`discoverManifests > discovers blocks, scopes, groups and DFS order across an app tree > warnings 1`] = `[]`;

exports[`discoverManifests > emits warnings for non-static / malformed declarations > manifests 1`] = `
[
  {
    "blocks": [
      {
        "blockPath": "ok.region",
        "blockType": "LongText",
        "defaultValue": "ok",
        "sortOrder": 1,
      },
      {
        "blockPath": "a.c",
        "blockType": "LongText",
        "defaultValue": "",
        "sortOrder": 2,
      },
      {
        "blockPath": "a.e",
        "blockType": "LongText",
        "defaultValue": "x",
        "sortOrder": 3,
      },
      {
        "blockPath": "a.g",
        "blockType": "LongText",
        "defaultValue": "x",
        "sortOrder": 4,
      },
    ],
    "slug": "/",
  },
]
`;

exports[`discoverManifests > emits warnings for non-static / malformed declarations > warnings 1`] = `
[
  {
    "file": "page.jsx",
    "loc": {
      "column": 6,
      "line": 10,
    },
    "message": "<EditableRegion> needs a static blockPath string. Skipping discovery for this region.",
  },
  {
    "file": "page.jsx",
    "loc": {
      "column": 6,
      "line": 12,
    },
    "message": "<EditableRegion blockPath="a.b"> is missing a static blockType prop. Skipping.",
  },
  {
    "file": "page.jsx",
    "loc": {
      "column": 6,
      "line": 14,
    },
    "message": "<EditableRegion blockPath="a.c"> has no static defaultValue prop. Syncing with an empty string (""); set a static defaultValue to seed initial content.",
  },
  {
    "file": "page.jsx",
    "loc": {
      "column": 6,
      "line": 16,
    },
    "message": "<EditableRegion> needs a static blockPath string. Skipping discovery for this region.",
  },
  {
    "file": "page.jsx",
    "loc": {
      "column": 6,
      "line": 19,
    },
    "message": "<EditableList blockPath="a.d"> is missing or has a non-static itemSchema. Each field must be a plain object with literal blockType + defaultValue.",
  },
  {
    "file": "page.jsx",
    "loc": {
      "column": 6,
      "line": 22,
    },
    "message": "<EditableRegion blockPath="a.e"> has unsupported scope="weird". Treating as page-scoped. Only "global" is recognized today.",
  },
  {
    "file": "page.jsx",
    "loc": {
      "column": 6,
      "line": 25,
    },
    "message": "<CmsGroup> needs a static string \`name\` prop. Treating as a transparent wrapper - blockPaths inside won't be prefixed.",
  },
  {
    "file": "page.jsx",
    "loc": {
      "column": 7,
      "line": 30,
    },
    "message": "useCmsBlock("a.h", ...) metadata must be a static object literal. Skipping.",
  },
  {
    "file": "page.jsx",
    "loc": {
      "column": 7,
      "line": 32,
    },
    "message": "useCmsBlock("a.i", ...) metadata is missing blockType or defaultValue. Skipping.",
  },
]
`;
